ARM Linker, 5.03 [Build 76] [MDK-ARM Standard]

==============================================================================

Section Cross References

    startup_stm32f4xx.o(RESET) refers to startup_stm32f4xx.o(STACK) for __initial_sp
    startup_stm32f4xx.o(RESET) refers to startup_stm32f4xx.o(.text) for Reset_Handler
    startup_stm32f4xx.o(RESET) refers to systick.o(.text) for SysTick_Handler
    startup_stm32f4xx.o(RESET) refers to main.o(.text) for USART1_IRQHandler
    startup_stm32f4xx.o(RESET) refers to usart.o(.text) for USART2_IRQHandler
    startup_stm32f4xx.o(.text) refers to system_stm32f4xx.o(.text) for SystemInit
    startup_stm32f4xx.o(.text) refers to entry.o(.ARM.Collect$$$$00000000) for __main
    stm32f4xx_gpio.o(.text) refers to stm32f4xx_rcc.o(.text) for RCC_AHB1PeriphResetCmd
    stm32f4xx_usart.o(.text) refers to stm32f4xx_rcc.o(.text) for RCC_APB2PeriphResetCmd
    stm32f4xx_syscfg.o(.text) refers to stm32f4xx_rcc.o(.text) for RCC_APB2PeriphResetCmd
    stm32f4xx_rcc.o(.text) refers to stm32f4xx_rcc.o(.data) for APBAHBPrescTable
    main.o(.text) refers to stm32f4xx_usart.o(.text) for USART_SendData
    main.o(.text) refers to stm32f4xx_rcc.o(.text) for RCC_APB2PeriphClockCmd
    main.o(.text) refers to stm32f4xx_gpio.o(.text) for GPIO_Init
    main.o(.text) refers to misc.o(.text) for NVIC_Init
    main.o(.text) refers to systick.o(.text) for systick_init
    main.o(.text) refers to led_init.o(.text) for led_Init
    main.o(.text) refers to button_init.o(.text) for button_init
    main.o(.text) refers to usart.o(.text) for UART2_CONFIG
    main.o(.text) refers to led1.o(.text) for led12
    main.o(.text) refers to main.o(.data) for delay_1
    main.o(.text) refers to main.o(.bss) for received_string
    system_stm32f4xx.o(.text) refers to system_stm32f4xx.o(.data) for SystemCoreClock
    systick.o(.text) refers to main.o(.text) for TimingDelay_Decrement
    systick.o(.text) refers to systick.o(.data) for TickCnt
    systick.o(.text) refers to system_stm32f4xx.o(.data) for SystemCoreClock
    button_init.o(.text) refers to stm32f4xx_rcc.o(.text) for RCC_AHB1PeriphClockCmd
    button_init.o(.text) refers to stm32f4xx_gpio.o(.text) for GPIO_Init
    button_init.o(.text) refers to button_init.o(.data) for GPIO_InitStruct
    button_user.o(.text) refers to stm32f4xx_gpio.o(.text) for GPIO_ReadInputDataBit
    led_init.o(.text) refers to stm32f4xx_rcc.o(.text) for RCC_AHB1PeriphClockCmd
    led_init.o(.text) refers to stm32f4xx_gpio.o(.text) for GPIO_Init
    led_init.o(.text) refers to led_init.o(.data) for GPIO_InitStructure
    led1.o(.text) refers to stm32f4xx_gpio.o(.text) for GPIO_ReadOutputDataBit
    usart.o(.text) refers to stm32f4xx_rcc.o(.text) for RCC_APB1PeriphClockCmd
    usart.o(.text) refers to stm32f4xx_gpio.o(.text) for GPIO_Init
    usart.o(.text) refers to stm32f4xx_usart.o(.text) for USART_Init
    usart.o(.text) refers to misc.o(.text) for NVIC_PriorityGroupConfig
    usart.o(.text) refers to usart.o(.data) for receive
    entry.o(.ARM.Collect$$$$00000000) refers (Special) to entry10a.o(.ARM.Collect$$$$0000000D) for __rt_final_cpp
    entry.o(.ARM.Collect$$$$00000000) refers (Special) to entry11a.o(.ARM.Collect$$$$0000000F) for __rt_final_exit
    entry.o(.ARM.Collect$$$$00000000) refers (Special) to entry7b.o(.ARM.Collect$$$$00000008) for _main_clock
    entry.o(.ARM.Collect$$$$00000000) refers (Special) to entry8b.o(.ARM.Collect$$$$0000000A) for _main_cpp_init
    entry.o(.ARM.Collect$$$$00000000) refers (Special) to entry9a.o(.ARM.Collect$$$$0000000B) for _main_init
    entry.o(.ARM.Collect$$$$00000000) refers (Special) to entry5.o(.ARM.Collect$$$$00000004) for _main_scatterload
    entry.o(.ARM.Collect$$$$00000000) refers (Special) to entry2.o(.ARM.Collect$$$$00000001) for _main_stk
    entry2.o(.ARM.Collect$$$$00000001) refers to entry2.o(.ARM.Collect$$$$00002712) for __lit__00000000
    entry2.o(.ARM.Collect$$$$00002712) refers to startup_stm32f4xx.o(STACK) for __initial_sp
    entry2.o(__vectab_stack_and_reset_area) refers to startup_stm32f4xx.o(STACK) for __initial_sp
    entry2.o(__vectab_stack_and_reset_area) refers to entry.o(.ARM.Collect$$$$00000000) for __main
    entry5.o(.ARM.Collect$$$$00000004) refers to init.o(.text) for __scatterload
    entry9a.o(.ARM.Collect$$$$0000000B) refers to main.o(.text) for main
    entry9b.o(.ARM.Collect$$$$0000000C) refers to main.o(.text) for main
    init.o(.text) refers to entry5.o(.ARM.Collect$$$$00000004) for __main_after_scatterload


==============================================================================

Removing Unused input sections from the image.

    Removing startup_stm32f4xx.o(HEAP), (512 bytes).
    Removing misc.o(.rev16_text), (4 bytes).
    Removing misc.o(.revsh_text), (4 bytes).
    Removing stm32f4xx_gpio.o(.rev16_text), (4 bytes).
    Removing stm32f4xx_gpio.o(.revsh_text), (4 bytes).
    Removing stm32f4xx_usart.o(.rev16_text), (4 bytes).
    Removing stm32f4xx_usart.o(.revsh_text), (4 bytes).
    Removing stm32f4xx_syscfg.o(.rev16_text), (4 bytes).
    Removing stm32f4xx_syscfg.o(.revsh_text), (4 bytes).
    Removing stm32f4xx_syscfg.o(.text), (140 bytes).
    Removing stm32f4xx_rcc.o(.rev16_text), (4 bytes).
    Removing stm32f4xx_rcc.o(.revsh_text), (4 bytes).
    Removing stm32f4xx_exti.o(.rev16_text), (4 bytes).
    Removing stm32f4xx_exti.o(.revsh_text), (4 bytes).
    Removing stm32f4xx_exti.o(.text), (284 bytes).
    Removing main.o(.rev16_text), (4 bytes).
    Removing main.o(.revsh_text), (4 bytes).
    Removing system_stm32f4xx.o(.rev16_text), (4 bytes).
    Removing system_stm32f4xx.o(.revsh_text), (4 bytes).
    Removing systick.o(.rev16_text), (4 bytes).
    Removing systick.o(.revsh_text), (4 bytes).
    Removing button_init.o(.rev16_text), (4 bytes).
    Removing button_init.o(.revsh_text), (4 bytes).
    Removing button_user.o(.rev16_text), (4 bytes).
    Removing button_user.o(.revsh_text), (4 bytes).
    Removing button_user.o(.text), (24 bytes).
    Removing led_init.o(.rev16_text), (4 bytes).
    Removing led_init.o(.revsh_text), (4 bytes).
    Removing led1.o(.rev16_text), (4 bytes).
    Removing led1.o(.revsh_text), (4 bytes).
    Removing usart.o(.rev16_text), (4 bytes).
    Removing usart.o(.revsh_text), (4 bytes).

32 unused section(s) (total 1072 bytes) removed from the image.

==============================================================================

Image Symbol Table

    Local Symbols

    Symbol Name                              Value     Ov Type        Size  Object(Section)

    ../clib/microlib/init/entry.s            0x00000000   Number         0  entry7b.o ABSOLUTE
    ../clib/microlib/init/entry.s            0x00000000   Number         0  entry7a.o ABSOLUTE
    ../clib/microlib/init/entry.s            0x00000000   Number         0  entry5.o ABSOLUTE
    ../clib/microlib/init/entry.s            0x00000000   Number         0  entry2.o ABSOLUTE
    ../clib/microlib/init/entry.s            0x00000000   Number         0  entry.o ABSOLUTE
    ../clib/microlib/init/entry.s            0x00000000   Number         0  entry11b.o ABSOLUTE
    ../clib/microlib/init/entry.s            0x00000000   Number         0  entry11a.o ABSOLUTE
    ../clib/microlib/init/entry.s            0x00000000   Number         0  entry10b.o ABSOLUTE
    ../clib/microlib/init/entry.s            0x00000000   Number         0  entry9b.o ABSOLUTE
    ../clib/microlib/init/entry.s            0x00000000   Number         0  entry10a.o ABSOLUTE
    ../clib/microlib/init/entry.s            0x00000000   Number         0  entry9a.o ABSOLUTE
    ../clib/microlib/init/entry.s            0x00000000   Number         0  entry8b.o ABSOLUTE
    ../clib/microlib/init/entry.s            0x00000000   Number         0  entry8a.o ABSOLUTE
    ..\..\Libraries\CMSIS\STM32F4xx\Source\Templates\arm\startup_stm32f4xx.s 0x00000000   Number         0  startup_stm32f4xx.o ABSOLUTE
    ..\..\Libraries\STM32F4xx_StdPeriph_Driver\src\misc.c 0x00000000   Number         0  misc.o ABSOLUTE
    ..\..\Libraries\STM32F4xx_StdPeriph_Driver\src\stm32f4xx_exti.c 0x00000000   Number         0  stm32f4xx_exti.o ABSOLUTE
    ..\..\Libraries\STM32F4xx_StdPeriph_Driver\src\stm32f4xx_gpio.c 0x00000000   Number         0  stm32f4xx_gpio.o ABSOLUTE
    ..\..\Libraries\STM32F4xx_StdPeriph_Driver\src\stm32f4xx_rcc.c 0x00000000   Number         0  stm32f4xx_rcc.o ABSOLUTE
    ..\..\Libraries\STM32F4xx_StdPeriph_Driver\src\stm32f4xx_syscfg.c 0x00000000   Number         0  stm32f4xx_syscfg.o ABSOLUTE
    ..\..\Libraries\STM32F4xx_StdPeriph_Driver\src\stm32f4xx_usart.c 0x00000000   Number         0  stm32f4xx_usart.o ABSOLUTE
    ..\Usart.c                               0x00000000   Number         0  usart.o ABSOLUTE
    ..\\..\\Libraries\\STM32F4xx_StdPeriph_Driver\\src\\misc.c 0x00000000   Number         0  misc.o ABSOLUTE
    ..\\..\\Libraries\\STM32F4xx_StdPeriph_Driver\\src\\stm32f4xx_exti.c 0x00000000   Number         0  stm32f4xx_exti.o ABSOLUTE
    ..\\..\\Libraries\\STM32F4xx_StdPeriph_Driver\\src\\stm32f4xx_gpio.c 0x00000000   Number         0  stm32f4xx_gpio.o ABSOLUTE
    ..\\..\\Libraries\\STM32F4xx_StdPeriph_Driver\\src\\stm32f4xx_rcc.c 0x00000000   Number         0  stm32f4xx_rcc.o ABSOLUTE
    ..\\..\\Libraries\\STM32F4xx_StdPeriph_Driver\\src\\stm32f4xx_syscfg.c 0x00000000   Number         0  stm32f4xx_syscfg.o ABSOLUTE
    ..\\..\\Libraries\\STM32F4xx_StdPeriph_Driver\\src\\stm32f4xx_usart.c 0x00000000   Number         0  stm32f4xx_usart.o ABSOLUTE
    ..\\Usart.c                              0x00000000   Number         0  usart.o ABSOLUTE
    ..\\button_init.c                        0x00000000   Number         0  button_init.o ABSOLUTE
    ..\\button_user.c                        0x00000000   Number         0  button_user.o ABSOLUTE
    ..\\led1.c                               0x00000000   Number         0  led1.o ABSOLUTE
    ..\\led_init.c                           0x00000000   Number         0  led_init.o ABSOLUTE
    ..\\main.c                               0x00000000   Number         0  main.o ABSOLUTE
    ..\\sysTick.c                            0x00000000   Number         0  systick.o ABSOLUTE
    ..\\system_stm32f4xx.c                   0x00000000   Number         0  system_stm32f4xx.o ABSOLUTE
    ..\button_init.c                         0x00000000   Number         0  button_init.o ABSOLUTE
    ..\button_user.c                         0x00000000   Number         0  button_user.o ABSOLUTE
    ..\led1.c                                0x00000000   Number         0  led1.o ABSOLUTE
    ..\led_init.c                            0x00000000   Number         0  led_init.o ABSOLUTE
    ..\main.c                                0x00000000   Number         0  main.o ABSOLUTE
    ..\sysTick.c                             0x00000000   Number         0  systick.o ABSOLUTE
    ..\system_stm32f4xx.c                    0x00000000   Number         0  system_stm32f4xx.o ABSOLUTE
    dc.s                                     0x00000000   Number         0  dc.o ABSOLUTE
    handlers.s                               0x00000000   Number         0  handlers.o ABSOLUTE
    init.s                                   0x00000000   Number         0  init.o ABSOLUTE
    RESET                                    0x08000000   Section      392  startup_stm32f4xx.o(RESET)
    .ARM.Collect$$$$00000000                 0x08000188   Section        0  entry.o(.ARM.Collect$$$$00000000)
    .ARM.Collect$$$$00000001                 0x08000188   Section        4  entry2.o(.ARM.Collect$$$$00000001)
    .ARM.Collect$$$$00000004                 0x0800018c   Section        4  entry5.o(.ARM.Collect$$$$00000004)
    .ARM.Collect$$$$00000008                 0x08000190   Section        0  entry7b.o(.ARM.Collect$$$$00000008)
    .ARM.Collect$$$$0000000A                 0x08000190   Section        0  entry8b.o(.ARM.Collect$$$$0000000A)
    .ARM.Collect$$$$0000000B                 0x08000190   Section        8  entry9a.o(.ARM.Collect$$$$0000000B)
    .ARM.Collect$$$$0000000D                 0x08000198   Section        0  entry10a.o(.ARM.Collect$$$$0000000D)
    .ARM.Collect$$$$0000000F                 0x08000198   Section        0  entry11a.o(.ARM.Collect$$$$0000000F)
    .ARM.Collect$$$$00002712                 0x08000198   Section        4  entry2.o(.ARM.Collect$$$$00002712)
    __lit__00000000                          0x08000198   Data           4  entry2.o(.ARM.Collect$$$$00002712)
    .text                                    0x0800019c   Section       36  startup_stm32f4xx.o(.text)
    $v0                                      0x0800019c   Number         0  startup_stm32f4xx.o(.text)
    .text                                    0x080001c0   Section        0  misc.o(.text)
    .text                                    0x080002a4   Section        0  stm32f4xx_gpio.o(.text)
    .text                                    0x08000500   Section        0  stm32f4xx_usart.o(.text)
    .text                                    0x0800091c   Section        0  stm32f4xx_rcc.o(.text)
    .text                                    0x08000ea4   Section        0  main.o(.text)
    .text                                    0x080011c4   Section        0  system_stm32f4xx.o(.text)
    SetSysClock                              0x080011c5   Thumb Code   218  system_stm32f4xx.o(.text)
    .text                                    0x080013c4   Section        0  systick.o(.text)
    .text                                    0x08001490   Section        0  button_init.o(.text)
    .text                                    0x080014c0   Section        0  led_init.o(.text)
    .text                                    0x080014f4   Section        0  led1.o(.text)
    .text                                    0x08001578   Section        0  usart.o(.text)
    .text                                    0x0800167c   Section       36  init.o(.text)
    i.__scatterload_copy                     0x080016a0   Section       14  handlers.o(i.__scatterload_copy)
    i.__scatterload_null                     0x080016ae   Section        2  handlers.o(i.__scatterload_null)
    i.__scatterload_zeroinit                 0x080016b0   Section       14  handlers.o(i.__scatterload_zeroinit)
    .data                                    0x20000000   Section       16  stm32f4xx_rcc.o(.data)
    APBAHBPrescTable                         0x20000000   Data          16  stm32f4xx_rcc.o(.data)
    .data                                    0x20000010   Section      100  main.o(.data)
    rx_index                                 0x20000068   Data           4  main.o(.data)
    cnt                                      0x2000006c   Data           1  main.o(.data)
    TimingDelay                              0x20000070   Data           4  main.o(.data)
    .data                                    0x20000074   Section       20  system_stm32f4xx.o(.data)
    .data                                    0x20000088   Section       12  systick.o(.data)
    TimingDelay                              0x20000090   Data           4  systick.o(.data)
    .data                                    0x20000094   Section        8  button_init.o(.data)
    .data                                    0x2000009c   Section        8  led_init.o(.data)
    .data                                    0x200000a4   Section        1  usart.o(.data)
    .bss                                     0x200000a8   Section      522  main.o(.bss)
    STACK                                    0x200002b8   Section     1024  startup_stm32f4xx.o(STACK)

    Global Symbols

    Symbol Name                              Value     Ov Type        Size  Object(Section)

    BuildAttributes$$THM_ISAv4$E$P$D$K$B$S$7EM$VFPi3$EXTD16$VFPS$VFMA$PE$A:L22UL41UL21$X:L11$S22US41US21$IEEE1$IW$USESV6$~STKCKD$USESV7$~SHL$OSPACE$EBA8$MICROLIB$REQ8$PRES8$EABIv2 0x00000000   Number         0  anon$$obj.o ABSOLUTE
    __ARM_use_no_argv                        0x00000000   Number         0  main.o ABSOLUTE
    __cpp_initialize__aeabi_                  - Undefined Weak Reference
    __cxa_finalize                            - Undefined Weak Reference
    __decompress                              - Undefined Weak Reference
    _clock_init                               - Undefined Weak Reference
    _microlib_exit                            - Undefined Weak Reference
    __Vectors_Size                           0x00000188   Number         0  startup_stm32f4xx.o ABSOLUTE
    __Vectors                                0x08000000   Data           4  startup_stm32f4xx.o(RESET)
    __Vectors_End                            0x08000188   Data           0  startup_stm32f4xx.o(RESET)
    __main                                   0x08000189   Thumb Code     0  entry.o(.ARM.Collect$$$$00000000)
    _main_stk                                0x08000189   Thumb Code     0  entry2.o(.ARM.Collect$$$$00000001)
    _main_scatterload                        0x0800018d   Thumb Code     0  entry5.o(.ARM.Collect$$$$00000004)
    __main_after_scatterload                 0x08000191   Thumb Code     0  entry5.o(.ARM.Collect$$$$00000004)
    _main_clock                              0x08000191   Thumb Code     0  entry7b.o(.ARM.Collect$$$$00000008)
    _main_cpp_init                           0x08000191   Thumb Code     0  entry8b.o(.ARM.Collect$$$$0000000A)
    _main_init                               0x08000191   Thumb Code     0  entry9a.o(.ARM.Collect$$$$0000000B)
    __rt_final_cpp                           0x08000199   Thumb Code     0  entry10a.o(.ARM.Collect$$$$0000000D)
    __rt_final_exit                          0x08000199   Thumb Code     0  entry11a.o(.ARM.Collect$$$$0000000F)
    Reset_Handler                            0x0800019d   Thumb Code     8  startup_stm32f4xx.o(.text)
    NMI_Handler                              0x080001a5   Thumb Code     2  startup_stm32f4xx.o(.text)
    HardFault_Handler                        0x080001a7   Thumb Code     2  startup_stm32f4xx.o(.text)
    MemManage_Handler                        0x080001a9   Thumb Code     2  startup_stm32f4xx.o(.text)
    BusFault_Handler                         0x080001ab   Thumb Code     2  startup_stm32f4xx.o(.text)
    UsageFault_Handler                       0x080001ad   Thumb Code     2  startup_stm32f4xx.o(.text)
    SVC_Handler                              0x080001af   Thumb Code     2  startup_stm32f4xx.o(.text)
    DebugMon_Handler                         0x080001b1   Thumb Code     2  startup_stm32f4xx.o(.text)
    PendSV_Handler                           0x080001b3   Thumb Code     2  startup_stm32f4xx.o(.text)
    ADC_IRQHandler                           0x080001b7   Thumb Code     0  startup_stm32f4xx.o(.text)
    CAN1_RX0_IRQHandler                      0x080001b7   Thumb Code     0  startup_stm32f4xx.o(.text)
    CAN1_RX1_IRQHandler                      0x080001b7   Thumb Code     0  startup_stm32f4xx.o(.text)
    CAN1_SCE_IRQHandler                      0x080001b7   Thumb Code     0  startup_stm32f4xx.o(.text)
    CAN1_TX_IRQHandler                       0x080001b7   Thumb Code     0  startup_stm32f4xx.o(.text)
    CAN2_RX0_IRQHandler                      0x080001b7   Thumb Code     0  startup_stm32f4xx.o(.text)
    CAN2_RX1_IRQHandler                      0x080001b7   Thumb Code     0  startup_stm32f4xx.o(.text)
    CAN2_SCE_IRQHandler                      0x080001b7   Thumb Code     0  startup_stm32f4xx.o(.text)
    CAN2_TX_IRQHandler                       0x080001b7   Thumb Code     0  startup_stm32f4xx.o(.text)
    CRYP_IRQHandler                          0x080001b7   Thumb Code     0  startup_stm32f4xx.o(.text)
    DCMI_IRQHandler                          0x080001b7   Thumb Code     0  startup_stm32f4xx.o(.text)
    DMA1_Stream0_IRQHandler                  0x080001b7   Thumb Code     0  startup_stm32f4xx.o(.text)
    DMA1_Stream1_IRQHandler                  0x080001b7   Thumb Code     0  startup_stm32f4xx.o(.text)
    DMA1_Stream2_IRQHandler                  0x080001b7   Thumb Code     0  startup_stm32f4xx.o(.text)
    DMA1_Stream3_IRQHandler                  0x080001b7   Thumb Code     0  startup_stm32f4xx.o(.text)
    DMA1_Stream4_IRQHandler                  0x080001b7   Thumb Code     0  startup_stm32f4xx.o(.text)
    DMA1_Stream5_IRQHandler                  0x080001b7   Thumb Code     0  startup_stm32f4xx.o(.text)
    DMA1_Stream6_IRQHandler                  0x080001b7   Thumb Code     0  startup_stm32f4xx.o(.text)
    DMA1_Stream7_IRQHandler                  0x080001b7   Thumb Code     0  startup_stm32f4xx.o(.text)
    DMA2_Stream0_IRQHandler                  0x080001b7   Thumb Code     0  startup_stm32f4xx.o(.text)
    DMA2_Stream1_IRQHandler                  0x080001b7   Thumb Code     0  startup_stm32f4xx.o(.text)
    DMA2_Stream2_IRQHandler                  0x080001b7   Thumb Code     0  startup_stm32f4xx.o(.text)
    DMA2_Stream3_IRQHandler                  0x080001b7   Thumb Code     0  startup_stm32f4xx.o(.text)
    DMA2_Stream4_IRQHandler                  0x080001b7   Thumb Code     0  startup_stm32f4xx.o(.text)
    DMA2_Stream5_IRQHandler                  0x080001b7   Thumb Code     0  startup_stm32f4xx.o(.text)
    DMA2_Stream6_IRQHandler                  0x080001b7   Thumb Code     0  startup_stm32f4xx.o(.text)
    DMA2_Stream7_IRQHandler                  0x080001b7   Thumb Code     0  startup_stm32f4xx.o(.text)
    ETH_IRQHandler                           0x080001b7   Thumb Code     0  startup_stm32f4xx.o(.text)
    ETH_WKUP_IRQHandler                      0x080001b7   Thumb Code     0  startup_stm32f4xx.o(.text)
    EXTI0_IRQHandler                         0x080001b7   Thumb Code     0  startup_stm32f4xx.o(.text)
    EXTI15_10_IRQHandler                     0x080001b7   Thumb Code     0  startup_stm32f4xx.o(.text)
    EXTI1_IRQHandler                         0x080001b7   Thumb Code     0  startup_stm32f4xx.o(.text)
    EXTI2_IRQHandler                         0x080001b7   Thumb Code     0  startup_stm32f4xx.o(.text)
    EXTI3_IRQHandler                         0x080001b7   Thumb Code     0  startup_stm32f4xx.o(.text)
    EXTI4_IRQHandler                         0x080001b7   Thumb Code     0  startup_stm32f4xx.o(.text)
    EXTI9_5_IRQHandler                       0x080001b7   Thumb Code     0  startup_stm32f4xx.o(.text)
    FLASH_IRQHandler                         0x080001b7   Thumb Code     0  startup_stm32f4xx.o(.text)
    FPU_IRQHandler                           0x080001b7   Thumb Code     0  startup_stm32f4xx.o(.text)
    FSMC_IRQHandler                          0x080001b7   Thumb Code     0  startup_stm32f4xx.o(.text)
    HASH_RNG_IRQHandler                      0x080001b7   Thumb Code     0  startup_stm32f4xx.o(.text)
    I2C1_ER_IRQHandler                       0x080001b7   Thumb Code     0  startup_stm32f4xx.o(.text)
    I2C1_EV_IRQHandler                       0x080001b7   Thumb Code     0  startup_stm32f4xx.o(.text)
    I2C2_ER_IRQHandler                       0x080001b7   Thumb Code     0  startup_stm32f4xx.o(.text)
    I2C2_EV_IRQHandler                       0x080001b7   Thumb Code     0  startup_stm32f4xx.o(.text)
    I2C3_ER_IRQHandler                       0x080001b7   Thumb Code     0  startup_stm32f4xx.o(.text)
    I2C3_EV_IRQHandler                       0x080001b7   Thumb Code     0  startup_stm32f4xx.o(.text)
    OTG_FS_IRQHandler                        0x080001b7   Thumb Code     0  startup_stm32f4xx.o(.text)
    OTG_FS_WKUP_IRQHandler                   0x080001b7   Thumb Code     0  startup_stm32f4xx.o(.text)
    OTG_HS_EP1_IN_IRQHandler                 0x080001b7   Thumb Code     0  startup_stm32f4xx.o(.text)
    OTG_HS_EP1_OUT_IRQHandler                0x080001b7   Thumb Code     0  startup_stm32f4xx.o(.text)
    OTG_HS_IRQHandler                        0x080001b7   Thumb Code     0  startup_stm32f4xx.o(.text)
    OTG_HS_WKUP_IRQHandler                   0x080001b7   Thumb Code     0  startup_stm32f4xx.o(.text)
    PVD_IRQHandler                           0x080001b7   Thumb Code     0  startup_stm32f4xx.o(.text)
    RCC_IRQHandler                           0x080001b7   Thumb Code     0  startup_stm32f4xx.o(.text)
    RTC_Alarm_IRQHandler                     0x080001b7   Thumb Code     0  startup_stm32f4xx.o(.text)
    RTC_WKUP_IRQHandler                      0x080001b7   Thumb Code     0  startup_stm32f4xx.o(.text)
    SDIO_IRQHandler                          0x080001b7   Thumb Code     0  startup_stm32f4xx.o(.text)
    SPI1_IRQHandler                          0x080001b7   Thumb Code     0  startup_stm32f4xx.o(.text)
    SPI2_IRQHandler                          0x080001b7   Thumb Code     0  startup_stm32f4xx.o(.text)
    SPI3_IRQHandler                          0x080001b7   Thumb Code     0  startup_stm32f4xx.o(.text)
    TAMP_STAMP_IRQHandler                    0x080001b7   Thumb Code     0  startup_stm32f4xx.o(.text)
    TIM1_BRK_TIM9_IRQHandler                 0x080001b7   Thumb Code     0  startup_stm32f4xx.o(.text)
    TIM1_CC_IRQHandler                       0x080001b7   Thumb Code     0  startup_stm32f4xx.o(.text)
    TIM1_TRG_COM_TIM11_IRQHandler            0x080001b7   Thumb Code     0  startup_stm32f4xx.o(.text)
    TIM1_UP_TIM10_IRQHandler                 0x080001b7   Thumb Code     0  startup_stm32f4xx.o(.text)
    TIM2_IRQHandler                          0x080001b7   Thumb Code     0  startup_stm32f4xx.o(.text)
    TIM3_IRQHandler                          0x080001b7   Thumb Code     0  startup_stm32f4xx.o(.text)
    TIM4_IRQHandler                          0x080001b7   Thumb Code     0  startup_stm32f4xx.o(.text)
    TIM5_IRQHandler                          0x080001b7   Thumb Code     0  startup_stm32f4xx.o(.text)
    TIM6_DAC_IRQHandler                      0x080001b7   Thumb Code     0  startup_stm32f4xx.o(.text)
    TIM7_IRQHandler                          0x080001b7   Thumb Code     0  startup_stm32f4xx.o(.text)
    TIM8_BRK_TIM12_IRQHandler                0x080001b7   Thumb Code     0  startup_stm32f4xx.o(.text)
    TIM8_CC_IRQHandler                       0x080001b7   Thumb Code     0  startup_stm32f4xx.o(.text)
    TIM8_TRG_COM_TIM14_IRQHandler            0x080001b7   Thumb Code     0  startup_stm32f4xx.o(.text)
    TIM8_UP_TIM13_IRQHandler                 0x080001b7   Thumb Code     0  startup_stm32f4xx.o(.text)
    UART4_IRQHandler                         0x080001b7   Thumb Code     0  startup_stm32f4xx.o(.text)
    UART5_IRQHandler                         0x080001b7   Thumb Code     0  startup_stm32f4xx.o(.text)
    USART3_IRQHandler                        0x080001b7   Thumb Code     0  startup_stm32f4xx.o(.text)
    USART6_IRQHandler                        0x080001b7   Thumb Code     0  startup_stm32f4xx.o(.text)
    WWDG_IRQHandler                          0x080001b7   Thumb Code     0  startup_stm32f4xx.o(.text)
    NVIC_PriorityGroupConfig                 0x080001c1   Thumb Code    10  misc.o(.text)
    NVIC_Init                                0x080001cb   Thumb Code   108  misc.o(.text)
    NVIC_SetVectorTable                      0x08000237   Thumb Code    14  misc.o(.text)
    NVIC_SystemLPConfig                      0x08000245   Thumb Code    34  misc.o(.text)
    SysTick_CLKSourceConfig                  0x08000267   Thumb Code    40  misc.o(.text)
    GPIO_DeInit                              0x080002a5   Thumb Code   220  stm32f4xx_gpio.o(.text)
    GPIO_Init                                0x08000381   Thumb Code   144  stm32f4xx_gpio.o(.text)
    GPIO_StructInit                          0x08000411   Thumb Code    18  stm32f4xx_gpio.o(.text)
    GPIO_PinLockConfig                       0x08000423   Thumb Code    34  stm32f4xx_gpio.o(.text)
    GPIO_ReadInputDataBit                    0x08000445   Thumb Code    18  stm32f4xx_gpio.o(.text)
    GPIO_ReadInputData                       0x08000457   Thumb Code     8  stm32f4xx_gpio.o(.text)
    GPIO_ReadOutputDataBit                   0x0800045f   Thumb Code    18  stm32f4xx_gpio.o(.text)
    GPIO_ReadOutputData                      0x08000471   Thumb Code     8  stm32f4xx_gpio.o(.text)
    GPIO_SetBits                             0x08000479   Thumb Code     4  stm32f4xx_gpio.o(.text)
    GPIO_ResetBits                           0x0800047d   Thumb Code     4  stm32f4xx_gpio.o(.text)
    GPIO_WriteBit                            0x08000481   Thumb Code    10  stm32f4xx_gpio.o(.text)
    GPIO_Write                               0x0800048b   Thumb Code     4  stm32f4xx_gpio.o(.text)
    GPIO_ToggleBits                          0x0800048f   Thumb Code     8  stm32f4xx_gpio.o(.text)
    GPIO_PinAFConfig                         0x08000497   Thumb Code    70  stm32f4xx_gpio.o(.text)
    USART_DeInit                             0x08000501   Thumb Code   156  stm32f4xx_usart.o(.text)
    USART_Init                               0x0800059d   Thumb Code   204  stm32f4xx_usart.o(.text)
    USART_StructInit                         0x08000669   Thumb Code    24  stm32f4xx_usart.o(.text)
    USART_ClockInit                          0x08000681   Thumb Code    32  stm32f4xx_usart.o(.text)
    USART_ClockStructInit                    0x080006a1   Thumb Code    12  stm32f4xx_usart.o(.text)
    USART_Cmd                                0x080006ad   Thumb Code    24  stm32f4xx_usart.o(.text)
    USART_SetPrescaler                       0x080006c5   Thumb Code    16  stm32f4xx_usart.o(.text)
    USART_OverSampling8Cmd                   0x080006d5   Thumb Code    22  stm32f4xx_usart.o(.text)
    USART_OneBitMethodCmd                    0x080006eb   Thumb Code    24  stm32f4xx_usart.o(.text)
    USART_SendData                           0x08000703   Thumb Code     8  stm32f4xx_usart.o(.text)
    USART_ReceiveData                        0x0800070b   Thumb Code    10  stm32f4xx_usart.o(.text)
    USART_SetAddress                         0x08000715   Thumb Code    18  stm32f4xx_usart.o(.text)
    USART_ReceiverWakeUpCmd                  0x08000727   Thumb Code    24  stm32f4xx_usart.o(.text)
    USART_WakeUpConfig                       0x0800073f   Thumb Code    18  stm32f4xx_usart.o(.text)
    USART_LINBreakDetectLengthConfig         0x08000751   Thumb Code    18  stm32f4xx_usart.o(.text)
    USART_LINCmd                             0x08000763   Thumb Code    24  stm32f4xx_usart.o(.text)
    USART_SendBreak                          0x0800077b   Thumb Code    10  stm32f4xx_usart.o(.text)
    USART_HalfDuplexCmd                      0x08000785   Thumb Code    24  stm32f4xx_usart.o(.text)
    USART_SetGuardTime                       0x0800079d   Thumb Code    16  stm32f4xx_usart.o(.text)
    USART_SmartCardCmd                       0x080007ad   Thumb Code    24  stm32f4xx_usart.o(.text)
    USART_SmartCardNACKCmd                   0x080007c5   Thumb Code    24  stm32f4xx_usart.o(.text)
    USART_IrDAConfig                         0x080007dd   Thumb Code    18  stm32f4xx_usart.o(.text)
    USART_IrDACmd                            0x080007ef   Thumb Code    24  stm32f4xx_usart.o(.text)
    USART_DMACmd                             0x08000807   Thumb Code    18  stm32f4xx_usart.o(.text)
    USART_ITConfig                           0x08000819   Thumb Code    74  stm32f4xx_usart.o(.text)
    USART_GetFlagStatus                      0x08000863   Thumb Code    26  stm32f4xx_usart.o(.text)
    USART_ClearFlag                          0x0800087d   Thumb Code    18  stm32f4xx_usart.o(.text)
    USART_GetITStatus                        0x0800088f   Thumb Code   110  stm32f4xx_usart.o(.text)
    USART_ClearITPendingBit                  0x080008fd   Thumb Code    30  stm32f4xx_usart.o(.text)
    RCC_DeInit                               0x0800091d   Thumb Code    60  stm32f4xx_rcc.o(.text)
    RCC_HSEConfig                            0x08000959   Thumb Code    14  stm32f4xx_rcc.o(.text)
    RCC_GetFlagStatus                        0x08000967   Thumb Code    60  stm32f4xx_rcc.o(.text)
    RCC_WaitForHSEStartUp                    0x080009a3   Thumb Code    56  stm32f4xx_rcc.o(.text)
    RCC_AdjustHSICalibrationValue            0x080009db   Thumb Code    20  stm32f4xx_rcc.o(.text)
    RCC_HSICmd                               0x080009ef   Thumb Code     6  stm32f4xx_rcc.o(.text)
    RCC_LSEConfig                            0x080009f5   Thumb Code    46  stm32f4xx_rcc.o(.text)
    RCC_LSICmd                               0x08000a23   Thumb Code     6  stm32f4xx_rcc.o(.text)
    RCC_PLLConfig                            0x08000a29   Thumb Code    32  stm32f4xx_rcc.o(.text)
    RCC_PLLCmd                               0x08000a49   Thumb Code     6  stm32f4xx_rcc.o(.text)
    RCC_PLLI2SConfig                         0x08000a4f   Thumb Code    14  stm32f4xx_rcc.o(.text)
    RCC_PLLI2SCmd                            0x08000a5d   Thumb Code     6  stm32f4xx_rcc.o(.text)
    RCC_ClockSecuritySystemCmd               0x08000a63   Thumb Code     6  stm32f4xx_rcc.o(.text)
    RCC_MCO1Config                           0x08000a69   Thumb Code    28  stm32f4xx_rcc.o(.text)
    RCC_MCO2Config                           0x08000a85   Thumb Code    28  stm32f4xx_rcc.o(.text)
    RCC_SYSCLKConfig                         0x08000aa1   Thumb Code    20  stm32f4xx_rcc.o(.text)
    RCC_GetSYSCLKSource                      0x08000ab5   Thumb Code    12  stm32f4xx_rcc.o(.text)
    RCC_HCLKConfig                           0x08000ac1   Thumb Code    20  stm32f4xx_rcc.o(.text)
    RCC_PCLK1Config                          0x08000ad5   Thumb Code    20  stm32f4xx_rcc.o(.text)
    RCC_PCLK2Config                          0x08000ae9   Thumb Code    22  stm32f4xx_rcc.o(.text)
    RCC_GetClocksFreq                        0x08000aff   Thumb Code   222  stm32f4xx_rcc.o(.text)
    RCC_RTCCLKConfig                         0x08000bdd   Thumb Code    54  stm32f4xx_rcc.o(.text)
    RCC_RTCCLKCmd                            0x08000c13   Thumb Code     8  stm32f4xx_rcc.o(.text)
    RCC_BackupResetCmd                       0x08000c1b   Thumb Code     8  stm32f4xx_rcc.o(.text)
    RCC_I2SCLKConfig                         0x08000c23   Thumb Code     6  stm32f4xx_rcc.o(.text)
    RCC_AHB1PeriphClockCmd                   0x08000c29   Thumb Code    34  stm32f4xx_rcc.o(.text)
    RCC_AHB2PeriphClockCmd                   0x08000c4b   Thumb Code    34  stm32f4xx_rcc.o(.text)
    RCC_AHB3PeriphClockCmd                   0x08000c6d   Thumb Code    34  stm32f4xx_rcc.o(.text)
    RCC_APB1PeriphClockCmd                   0x08000c8f   Thumb Code    34  stm32f4xx_rcc.o(.text)
    RCC_APB2PeriphClockCmd                   0x08000cb1   Thumb Code    34  stm32f4xx_rcc.o(.text)
    RCC_AHB1PeriphResetCmd                   0x08000cd3   Thumb Code    34  stm32f4xx_rcc.o(.text)
    RCC_AHB2PeriphResetCmd                   0x08000cf5   Thumb Code    72  stm32f4xx_rcc.o(.text)
    RCC_AHB3PeriphResetCmd                   0x08000d3d   Thumb Code    34  stm32f4xx_rcc.o(.text)
    RCC_APB1PeriphResetCmd                   0x08000d5f   Thumb Code    34  stm32f4xx_rcc.o(.text)
    RCC_APB2PeriphResetCmd                   0x08000d81   Thumb Code    34  stm32f4xx_rcc.o(.text)
    RCC_AHB1PeriphClockLPModeCmd             0x08000da3   Thumb Code    34  stm32f4xx_rcc.o(.text)
    RCC_AHB2PeriphClockLPModeCmd             0x08000dc5   Thumb Code    34  stm32f4xx_rcc.o(.text)
    RCC_AHB3PeriphClockLPModeCmd             0x08000de7   Thumb Code    34  stm32f4xx_rcc.o(.text)
    RCC_APB1PeriphClockLPModeCmd             0x08000e09   Thumb Code    34  stm32f4xx_rcc.o(.text)
    RCC_APB2PeriphClockLPModeCmd             0x08000e2b   Thumb Code    34  stm32f4xx_rcc.o(.text)
    RCC_ITConfig                             0x08000e4d   Thumb Code    34  stm32f4xx_rcc.o(.text)
    RCC_ClearFlag                            0x08000e6f   Thumb Code    18  stm32f4xx_rcc.o(.text)
    RCC_GetITStatus                          0x08000e81   Thumb Code    22  stm32f4xx_rcc.o(.text)
    RCC_ClearITPendingBit                    0x08000e97   Thumb Code     8  stm32f4xx_rcc.o(.text)
    USART_puts                               0x08000ea5   Thumb Code    38  main.o(.text)
    togglePA15                               0x08000ecb   Thumb Code    14  main.o(.text)
    setPA15On                                0x08000ed9   Thumb Code    10  main.o(.text)
    init_USART1                              0x08000ee3   Thumb Code   160  main.o(.text)
    initPA15                                 0x08000f83   Thumb Code    50  main.o(.text)
    main                                     0x08000fb5   Thumb Code   264  main.o(.text)
    UART_recieve                             0x080010bd   Thumb Code    68  main.o(.text)
    USART1_IRQHandler                        0x08001101   Thumb Code    62  main.o(.text)
    TimingDelay_Decrement                    0x0800113f   Thumb Code    18  main.o(.text)
    Delay                                    0x08001151   Thumb Code    16  main.o(.text)
    SystemInit                               0x0800129f   Thumb Code    74  system_stm32f4xx.o(.text)
    SystemCoreClockUpdate                    0x080012e9   Thumb Code   174  system_stm32f4xx.o(.text)
    SysTick_Handler                          0x080013c5   Thumb Code    26  systick.o(.text)
    systick_init                             0x080013df   Thumb Code    90  systick.o(.text)
    GetTickCount                             0x08001439   Thumb Code     8  systick.o(.text)
    CheckTick                                0x08001441   Thumb Code    62  systick.o(.text)
    button_init                              0x08001491   Thumb Code    38  button_init.o(.text)
    led_Init                                 0x080014c1   Thumb Code    42  led_init.o(.text)
    led12                                    0x080014f5   Thumb Code    32  led1.o(.text)
    led13                                    0x08001515   Thumb Code    32  led1.o(.text)
    led14                                    0x08001535   Thumb Code    32  led1.o(.text)
    led15                                    0x08001555   Thumb Code    32  led1.o(.text)
    UART2_CONFIG                             0x08001579   Thumb Code   180  usart.o(.text)
    usart_send_string                        0x0800162d   Thumb Code    38  usart.o(.text)
    USART2_IRQHandler                        0x08001653   Thumb Code    28  usart.o(.text)
    __scatterload                            0x0800167d   Thumb Code    28  init.o(.text)
    __scatterload_rt2                        0x0800167d   Thumb Code     0  init.o(.text)
    __scatterload_copy                       0x080016a1   Thumb Code    14  handlers.o(i.__scatterload_copy)
    __scatterload_null                       0x080016af   Thumb Code     2  handlers.o(i.__scatterload_null)
    __scatterload_zeroinit                   0x080016b1   Thumb Code    14  handlers.o(i.__scatterload_zeroinit)
    Region$$Table$$Base                      0x080016c0   Number         0  anon$$obj.o(Region$$Table)
    Region$$Table$$Limit                     0x080016e0   Number         0  anon$$obj.o(Region$$Table)
    delay_1                                  0x20000010   Data           8  main.o(.data)
    delay_2                                  0x20000018   Data           8  main.o(.data)
    delay_3                                  0x20000020   Data           8  main.o(.data)
    delay_4                                  0x20000028   Data           8  main.o(.data)
    delay_5                                  0x20000030   Data           8  main.o(.data)
    StringLoop                               0x20000038   Data          46  main.o(.data)
    SystemCoreClock                          0x20000074   Data           4  system_stm32f4xx.o(.data)
    AHBPrescTable                            0x20000078   Data          16  system_stm32f4xx.o(.data)
    TickCnt                                  0x20000088   Data           8  systick.o(.data)
    GPIO_InitStruct                          0x20000094   Data           8  button_init.o(.data)
    GPIO_InitStructure                       0x2000009c   Data           8  led_init.o(.data)
    receive                                  0x200000a4   Data           1  usart.o(.data)
    received_string                          0x200000a8   Data          21  main.o(.bss)
    buffer_string                            0x200000be   Data         500  main.o(.bss)
    __initial_sp                             0x200006b8   Data           0  startup_stm32f4xx.o(STACK)



==============================================================================

Memory Map of the image

  Image Entry point : 0x08000189

  Load Region LR_IROM1 (Base: 0x08000000, Size: 0x00001788, Max: 0x00100000, ABSOLUTE)

    Execution Region ER_IROM1 (Base: 0x08000000, Size: 0x000016e0, Max: 0x00100000, ABSOLUTE)

    Base Addr    Size         Type   Attr      Idx    E Section Name        Object

    0x08000000   0x00000188   Data   RO            3    RESET               startup_stm32f4xx.o
    0x08000188   0x00000000   Code   RO          567  * .ARM.Collect$$$$00000000  mc_w.l(entry.o)
    0x08000188   0x00000004   Code   RO          570    .ARM.Collect$$$$00000001  mc_w.l(entry2.o)
    0x0800018c   0x00000004   Code   RO          573    .ARM.Collect$$$$00000004  mc_w.l(entry5.o)
    0x08000190   0x00000000   Code   RO          575    .ARM.Collect$$$$00000008  mc_w.l(entry7b.o)
    0x08000190   0x00000000   Code   RO          577    .ARM.Collect$$$$0000000A  mc_w.l(entry8b.o)
    0x08000190   0x00000008   Code   RO          578    .ARM.Collect$$$$0000000B  mc_w.l(entry9a.o)
    0x08000198   0x00000000   Code   RO          580    .ARM.Collect$$$$0000000D  mc_w.l(entry10a.o)
    0x08000198   0x00000000   Code   RO          582    .ARM.Collect$$$$0000000F  mc_w.l(entry11a.o)
    0x08000198   0x00000004   Code   RO          571    .ARM.Collect$$$$00002712  mc_w.l(entry2.o)
    0x0800019c   0x00000024   Code   RO            4    .text               startup_stm32f4xx.o
    0x080001c0   0x000000e4   Code   RO           12    .text               misc.o
    0x080002a4   0x0000025c   Code   RO          137    .text               stm32f4xx_gpio.o
    0x08000500   0x0000041a   Code   RO          163    .text               stm32f4xx_usart.o
    0x0800091a   0x00000002   PAD
    0x0800091c   0x00000588   Code   RO          209    .text               stm32f4xx_rcc.o
    0x08000ea4   0x00000320   Code   RO          257    .text               main.o
    0x080011c4   0x00000200   Code   RO          391    .text               system_stm32f4xx.o
    0x080013c4   0x000000cc   Code   RO          429    .text               systick.o
    0x08001490   0x00000030   Code   RO          456    .text               button_init.o
    0x080014c0   0x00000034   Code   RO          499    .text               led_init.o
    0x080014f4   0x00000084   Code   RO          522    .text               led1.o
    0x08001578   0x00000104   Code   RO          542    .text               usart.o
    0x0800167c   0x00000024   Code   RO          584    .text               mc_w.l(init.o)
    0x080016a0   0x0000000e   Code   RO          588    i.__scatterload_copy  mc_w.l(handlers.o)
    0x080016ae   0x00000002   Code   RO          589    i.__scatterload_null  mc_w.l(handlers.o)
    0x080016b0   0x0000000e   Code   RO          590    i.__scatterload_zeroinit  mc_w.l(handlers.o)
    0x080016be   0x00000002   PAD
    0x080016c0   0x00000020   Data   RO          586    Region$$Table       anon$$obj.o


    Execution Region RW_IRAM1 (Base: 0x20000000, Size: 0x000006b8, Max: 0x00020000, ABSOLUTE)

    Base Addr    Size         Type   Attr      Idx    E Section Name        Object

    0x20000000   0x00000010   Data   RW          210    .data               stm32f4xx_rcc.o
    0x20000010   0x00000064   Data   RW          259    .data               main.o
    0x20000074   0x00000014   Data   RW          392    .data               system_stm32f4xx.o
    0x20000088   0x0000000c   Data   RW          430    .data               systick.o
    0x20000094   0x00000008   Data   RW          457    .data               button_init.o
    0x2000009c   0x00000008   Data   RW          500    .data               led_init.o
    0x200000a4   0x00000001   Data   RW          543    .data               usart.o
    0x200000a5   0x00000003   PAD
    0x200000a8   0x0000020a   Zero   RW          258    .bss                main.o
    0x200002b2   0x00000006   PAD
    0x200002b8   0x00000400   Zero   RW            1    STACK               startup_stm32f4xx.o


==============================================================================

Image component sizes


      Code (inc. data)   RO Data    RW Data    ZI Data      Debug   Object Name

        48         10          0          8          0        732   button_init.o
       132          4          0          0          0        758   led1.o
        52         10          0          8          0        724   led_init.o
       800        100          0        100        522     225294   main.o
       228         22          0          0          0     228445   misc.o
        36          8        392          0       1024        948   startup_stm32f4xx.o
       604         36          0          0          0      10741   stm32f4xx_gpio.o
      1416         48          0         16          0      24211   stm32f4xx_rcc.o
      1050         26          0          0          0      14056   stm32f4xx_usart.o
       512         46          0         20          0       1867   system_stm32f4xx.o
       204         18          0         12          0      28315   systick.o
       260         14          0          1          0       1317   usart.o

    ----------------------------------------------------------------------
      5344        342        424        168       1552     537408   Object Totals
         0          0         32          0          0          0   (incl. Generated)
         2          0          0          3          6          0   (incl. Padding)

    ----------------------------------------------------------------------

      Code (inc. data)   RO Data    RW Data    ZI Data      Debug   Library Member Name

         0          0          0          0          0          0   entry.o
         0          0          0          0          0          0   entry10a.o
         0          0          0          0          0          0   entry11a.o
         8          4          0          0          0          0   entry2.o
         4          0          0          0          0          0   entry5.o
         0          0          0          0          0          0   entry7b.o
         0          0          0          0          0          0   entry8b.o
         8          4          0          0          0          0   entry9a.o
        30          0          0          0          0          0   handlers.o
        36          8          0          0          0         68   init.o

    ----------------------------------------------------------------------
        88         16          0          0          0         68   Library Totals
         2          0          0          0          0          0   (incl. Padding)

    ----------------------------------------------------------------------

      Code (inc. data)   RO Data    RW Data    ZI Data      Debug   Library Name

        86         16          0          0          0         68   mc_w.l

    ----------------------------------------------------------------------
        88         16          0          0          0         68   Library Totals

    ----------------------------------------------------------------------

==============================================================================


      Code (inc. data)   RO Data    RW Data    ZI Data      Debug   

      5432        358        424        168       1552     535476   Grand Totals
      5432        358        424        168       1552     535476   ELF Image Totals
      5432        358        424        168          0          0   ROM Totals

==============================================================================

    Total RO  Size (Code + RO Data)                 5856 (   5.72kB)
    Total RW  Size (RW Data + ZI Data)              1720 (   1.68kB)
    Total ROM Size (Code + RO Data + RW Data)       6024 (   5.88kB)

==============================================================================

