<html>
<body>
<pre>
<h1>µVision Build Log</h1>
<h2>Project:</h2>
C:\Users\sillyDAT\Desktop\STM32F4\F4_UART\Project\MDK-ARM\UART.uvproj
Project File Date:  07/28/2013

<h2>Output:</h2>
Build target 'UART'
assembling startup_stm32f4xx.s...
compiling misc.c...
compiling stm32f4xx_gpio.c...
compiling stm32f4xx_usart.c...
compiling stm32f4xx_syscfg.c...
compiling stm32f4xx_rcc.c...
compiling stm32f4xx_exti.c...
compiling main.c...
compiling system_stm32f4xx.c...
linking...
Program Size: Code=2894 RO-data=434 RW-data=56 ZI-data=1024  
FromELF: creating hex file...
".\OUT\UART.axf" - 0 Error(s), 0 Warning(s).
Build target 'UART'
linking...
Program Size: Code=2894 RO-data=434 RW-data=56 ZI-data=1024  
FromELF: creating hex file...
".\OUT\UART.axf" - 0 Error(s), 0 Warning(s).
Build target 'UART'
compiling main.c...
linking...
Program Size: Code=4090 RO-data=434 RW-data=56 ZI-data=1024  
FromELF: creating hex file...
".\OUT\UART.axf" - 0 Error(s), 0 Warning(s).
Load "C:\\Users\\sillyDAT\\Desktop\\STM32F4\\F4_UART\\Project\\MDK-ARM\\OUT\\UART.axf" 
Erase Done.
Programming Done.
Verify OK.
Build target 'UART'
compiling main.c...
..\main.c(91): error:  #20: identifier "letter" is undefined
Target not created
Load "C:\\Users\\sillyDAT\\Desktop\\STM32F4\\F4_UART\\Project\\MDK-ARM\\OUT\\UART.axf" 
_____^
*** error 56: cannot open file
Build target 'UART'
compiling main.c...
..\main.c(91): error:  #20: identifier "letter" is undefined
Target not created
Build target 'UART'
compiling main.c...
linking...
Program Size: Code=4098 RO-data=434 RW-data=56 ZI-data=1024  
FromELF: creating hex file...
".\OUT\UART.axf" - 0 Error(s), 0 Warning(s).
Load "C:\\Users\\sillyDAT\\Desktop\\STM32F4\\F4_UART\\Project\\MDK-ARM\\OUT\\UART.axf" 
Erase Done.
Programming Done.
Verify OK.
