<html>
<body>
<pre>
<h1>µVision Build Log</h1>
<h2>Project:</h2>
E:\[@] Capstone Project\STM\proj_connect_HC_05_Bluetooth_21_10_2013\Project\MDK-ARM\UART.uvproj
Project File Date:  12/08/2013

<h2>Output:</h2>
Rebuild target 'UART'
assembling startup_stm32f4xx.s...
compiling misc.c...
compiling stm32f4xx_gpio.c...
compiling stm32f4xx_usart.c...
compiling stm32f4xx_syscfg.c...
compiling stm32f4xx_rcc.c...
compiling stm32f4xx_exti.c...
compiling stm32f4xx_dma.c...
compiling main.c...
compiling system_stm32f4xx.c...
compiling Usart.c...
compiling Usart_Bluetooth.c...
compiling APOD.c...
linking...
Program Size: Code=13964 RO-data=424 RW-data=316 ZI-data=1380  
FromELF: creating hex file...
".\OUT\UART.axf" - 0 Error(s), 0 Warning(s).
</pre>
</body>
</html>
