<html>
<body>
<pre>
<h1>µVision Build Log</h1>
<h2>Project:</h2>
Z:\Documents\FPT University\LOP CO BAN ARM\PROJECT\proj_connect_HC_05_Bluetooth_21_10_2013\Project\MDK-ARM\UART.uvproj
Project File Date:  11/02/2013

<h2>Output:</h2>
Build target 'UART'
compiling APOD.c...
..\Usart_Bluetooth.h(12): warning:  #1295-D: Deprecated declaration initPA15 - give arg types
  void initPA15();
..\Usart_Bluetooth.h(13): warning:  #1295-D: Deprecated declaration setPA15On - give arg types
  void setPA15On();
..\Usart_Bluetooth.h(14): warning:  #1295-D: Deprecated declaration togglePA15 - give arg types
  void togglePA15();
..\Usart_Bluetooth.h(22): warning:  #1-D: last line of file ends without a newline
  void sendUSART(USART_TypeDef* USARTx, volatile char *s,int size);
..\Usart.h(13): warning:  #1-D: last line of file ends without a newline
  void USART2_IRQHandler(void);
..\APOD.h(61): warning:  #1295-D: Deprecated declaration Apod_Balance - give arg types
  void Apod_Balance(); // done
..\APOD.h(93): warning:  #1295-D: Deprecated declaration readADC - give arg types
  void readADC();
..\APOD.c(318): warning:  #177-D: variable "length" was declared but never referenced
        char length ;
..\APOD.c(484): warning:  #177-D: variable "length" was declared but never referenced
        char length ;
..\APOD.c(1178): warning:  #177-D: variable "i" was declared but never referenced
        uint16_t i;
..\APOD.c(1196): warning:  #177-D: variable "i" was declared but never referenced
        uint16_t i;
..\APOD.c(1376): warning:  #1-D: last line of file ends without a newline
  }
..\APOD.c: 12 warnings, 0 errors
linking...
Program Size: Code=12848 RO-data=424 RW-data=324 ZI-data=1284  
FromELF: creating hex file...
".\OUT\UART.axf" - 0 Error(s), 12 Warning(s).
Load "Z:\\Documents\\FPT University\\LOP CO BAN ARM\\PROJECT\\proj_connect_HC_05_Bluetooth_21_10_2013\\Project\\MDK-ARM\\OUT\\UART.axf" 
Erase Done.
Programming Done.
Verify OK.
</pre>
</body>
</html>

..\Usart_Bluetooth.h(14): warning:  #1295-D: Deprecated declaration togglePA15 - give arg types
  void togglePA15();
..\Usart_Bluetooth.h(22): warning:  #1-D: last line of file ends without a newline
  void sendUSART(USART_TypeDef* USARTx, volatile char *s,int size);
..\testCmd.h(2): warning:  #1295-D: Deprecated declaration test_A_low - give arg types
  void test_A_low();
..\testCmd.h(3): warning:  #1295-D: Deprecated declaration test_A_high - give arg types
  void test_A_high();
..\testCmd.h(4): warning:  #1295-D: Deprecated declaration test_A_Mid - give arg types
  void test_A_Mid();
..\testCmd.h(6): warning:  #1295-D: Deprecated declaration test_A_front - give arg types
  void test_A_front();
..\testCmd.h(7): warning:  #1295-D: Deprecated declaration test_A_Center - give arg types
  void test_A_Center();
..\testCmd.h(8): warning:  #1295-D: Deprecated declaration test_A_Rear - give arg types
  void test_A_Rear();
..\testCmd.h(10): warning:  #1295-D: Deprecated declaration test_B_low - give arg types
  void test_B_low();
..\testCmd.h(11): warning:  #1295-D: Deprecated declaration test_B_high - give arg types
  void test_B_high();
..\testCmd.h(12): warning:  #1295-D: Deprecated declaration test_B_Mid - give arg types
  void test_B_Mid();
..\testCmd.h(14): warning:  #1295-D: Deprecated declaration test_B_front - give arg types
  void test_B_front();
..\testCmd.h(15): warning:  #1295-D: Deprecated declaration test_B_Center - give arg types
  void test_B_Center();
..\testCmd.h(16): warning:  #1-D: last line of file ends without a newline
  void test_B_Rear();
..\testCmd.h(16): warning:  #1295-D: Deprecated declaration test_B_Rear - give arg types
  void test_B_Rear();
..\Usart_Bluetooth.h(12): warning:  #1295-D: Deprecated declaration initPA15 - give arg types
  void initPA15();
..\Usart_Bluetooth.h(13): warning:  #1295-D: Deprecated declaration setPA15On - give arg types
  void setPA15On();
..\Usart_Bluetooth.h(14): warning:  #1295-D: Deprecated declaration togglePA15 - give arg types
  void togglePA15();
..\Usart_Bluetooth.h(22): warning:  #1-D: last line of file ends without a newline
  void sendUSART(USART_TypeDef* USARTx, volatile char *s,int size);
..\Usart.h(13): warning:  #1-D: last line of file ends without a newline
  void USART2_IRQHandler(void);
..\APOD.h(61): warning:  #1295-D: Deprecated declaration Apod_Balance - give arg types
  void Apod_Balance(); // done
..\APOD.h(93): warning:  #1295-D: Deprecated declaration readADC - give arg types
  void readADC();
..\Usart_Bluetooth.c(18): warning:  #177-D: variable "interval" was declared but never referenced
        int interval = 100;//
..\Usart_Bluetooth.c(19): warning:  #550-D: variable "choice" was set but never used
        uint16_t choice;
..\Usart_Bluetooth.c(367): warning:  #1-D: last line of file ends without a newline
        }
..\Usart_Bluetooth.c: 39 warnings, 0 errors
compiling APOD.c...
..\Usart_Bluetooth.h(12): warning:  #1295-D: Deprecated declaration initPA15 - give arg types
  void initPA15();
..\Usart_Bluetooth.h(13): warning:  #1295-D: Deprecated declaration setPA15On - give arg types
  void setPA15On();
..\Usart_Bluetooth.h(14): warning:  #1295-D: Deprecated declaration togglePA15 - give arg types
  void togglePA15();
..\Usart_Bluetooth.h(22): warning:  #1-D: last line of file ends without a newline
  void sendUSART(USART_TypeDef* USARTx, volatile char *s,int size);
..\Usart.h(13): warning:  #1-D: last line of file ends without a newline
  void USART2_IRQHandler(void);
..\APOD.h(61): warning:  #1295-D: Deprecated declaration Apod_Balance - give arg types
  void Apod_Balance(); // done
..\APOD.h(93): warning:  #1295-D: Deprecated declaration readADC - give arg types
  void readADC();
..\APOD.c(318): warning:  #177-D: variable "length" was declared but never referenced
        char length ;
..\APOD.c(484): warning:  #177-D: variable "length" was declared but never referenced
        char length ;
..\APOD.c(1374): warning:  #1-D: last line of file ends without a newline
  }
..\APOD.c: 10 warnings, 0 errors
linking...
Program Size: Code=12884 RO-data=424 RW-data=324 ZI-data=1284  
FromELF: creating hex file...
".\OUT\UART.axf" - 0 Error(s), 49 Warning(s).
