<html>
<body>
<pre>
<h1>µVision Build Log</h1>
<h2>Project:</h2>
Z:\Documents\FPT University\LOP CO BAN ARM\PROJECT\proj_connect_HC_05_Bluetooth_21_10_2013\Project\MDK-ARM\UART.uvproj
Project File Date:  10/21/2013

<h2>Output:</h2>
Build target 'UART'
compiling main.c...
..\sysTick.h(19): warning:  #1-D: last line of file ends without a newline
        
..\Usart.h(13): warning:  #1-D: last line of file ends without a newline
  void USART2_IRQHandler(void);
..\usart.h(13): warning:  #1-D: last line of file ends without a newline
  void USART2_IRQHandler(void);
..\DMA_USART.h(5): warning:  #1-D: last line of file ends without a newline
  void DMA2_Stream5_IRQHandler(void);
..\Usart.h(13): warning:  #1-D: last line of file ends without a newline
  void USART2_IRQHandler(void);
..\main.h(36): warning:  #1295-D: Deprecated declaration initPA15 - give arg types
  void initPA15();
..\main.h(37): warning:  #1295-D: Deprecated declaration setPA15On - give arg types
  void setPA15On();
..\main.h(38): warning:  #1295-D: Deprecated declaration togglePA15 - give arg types
  void togglePA15();
..\main.c(36): warning:  #550-D: variable "compare" was set but never used
        int compare;
..\main.c: 9 warnings, 0 errors
linking...
Program Size: Code=4836 RO-data=424 RW-data=44 ZI-data=1028  
FromELF: creating hex file...
".\OUT\UART.axf" - 0 Error(s), 9 Warning(s).
Load "Z:\\Documents\\FPT University\\LOP CO BAN ARM\\PROJECT\\proj_connect_HC_05_Bluetooth_21_10_2013\\Project\\MDK-ARM\\OUT\\UART.axf" 
Erase Done.
Programming Done.
Verify OK.
ooth_21_10_2013\\Project\\MDK-ARM\\OUT\\UART.axf" 
Erase Done.
Programming Done.
Verify OK.
