<html>
<body>
<pre>
<h1>µVision Build Log</h1>
<h2>Project:</h2>
Z:\Documents\FPT University\LOP CO BAN ARM\PROJECT\proj_connect_HC_05_Bluetooth - Backup - DMA1_Channel 2\Project\MDK-ARM\UART.uvproj
Project File Date:  10/11/2013

<h2>Output:</h2>
Build target 'UART'
compiling main.c...
..\sysTick.h(19): warning:  #1-D: last line of file ends without a newline
        
..\Usart.h(12): warning:  #1-D: last line of file ends without a newline
  void USART2_IRQHandler(void);
..\usart.h(12): warning:  #1-D: last line of file ends without a newline
  void USART2_IRQHandler(void);
..\DMA_USART.h(5): warning:  #1-D: last line of file ends without a newline
  void DMA2_Stream5_IRQHandler(void);
..\main.h(36): warning:  #1295-D: Deprecated declaration initPA15 - give arg types
  void initPA15();
..\main.h(37): warning:  #1295-D: Deprecated declaration setPA15On - give arg types
  void setPA15On();
..\main.h(38): warning:  #1295-D: Deprecated declaration togglePA15 - give arg types
  void togglePA15();
..\main.c(22): warning:  #177-D: variable "sizestring" was declared but never referenced
        uint16_t sizestring;
..\main.c: 8 warnings, 0 errors
linking...
Program Size: Code=7104 RO-data=424 RW-data=120 ZI-data=1680  
FromELF: creating hex file...
".\OUT\UART.axf" - 0 Error(s), 8 Warning(s).
Load "Z:\\Documents\\FPT University\\LOP CO BAN ARM\\PROJECT\\proj_connect_HC_05_Bluetooth - Backup - DMA1_Channel 2\\Project\\MDK-ARM\\OUT\\UART.axf" 
Erase Done.
Programming Done.
Verify OK.
